Copyright 1986-2017 Xilinx, Inc. All Rights Reserved.
-------------------------------------------------------------------------------------
| Tool Version : Vivado v.2017.4 (win64) Build 2086221 Fri Dec 15 20:55:39 MST 2017
| Date         : Fri May 26 16:58:03 2023
| Host         : LAPTOP-7DFI8QQJ running 64-bit major release  (build 9200)
| Command      : report_incremental_reuse -file cpu_incremental_reuse_pre_placed.rpt
| Design       : cpu
| Device       : xc7a35t
| Design State : Fully Routed
-------------------------------------------------------------------------------------

Incremental Implementation Information

Table of Contents
-----------------
1. Reuse Summary
2. Reference Checkpoint Information
3. Comparison with Reference Run
4. Non Reuse Information

1. Reuse Summary
----------------

+-------+----------------------+--------------------+--------------------+-------+
|  Type | Matched % (of Total) | Reuse % (of Total) | Fixed % (of Total) | Total |
+-------+----------------------+--------------------+--------------------+-------+
| Cells |                76.56 |              63.30 |               1.23 |  6067 |
| Nets  |                80.37 |              38.71 |               0.00 |  5207 |
| Pins  |                    - |              51.62 |                  - | 28012 |
| Ports |               100.00 |             100.00 |             100.00 |    75 |
+-------+----------------------+--------------------+--------------------+-------+


2. Reference Checkpoint Information
-----------------------------------

+----------------+--------------------------------------------------------------------------------+
| DCP Location:  | D:/LearningMaterials/CS202/Project/CS202_Project/CPU_Final/impl/cpu_routed.dcp |
+----------------+--------------------------------------------------------------------------------+


+--------------------------------+----------------------------+
|         DCP Information        |            Value           |
+--------------------------------+----------------------------+
| Vivado Version                 |                    v2017.4 |
| DCP State                      |                 POST_ROUTE |
| Recorded WNS*                  |                      1.131 |
| Recorded WHS                   |                      0.036 |
| Reference Speed File Version   | PRODUCTION 1.20 2017-11-01 |
| Incremental Speed File Version | PRODUCTION 1.20 2017-11-01 |
+--------------------------------+----------------------------+


3. Comparison with Reference Run
--------------------------------

+-----------------+---------------------------+---------------------------+---------------------------+
|                 |          WNS(ns)          |  Runtime(elapsed)(hh:mm)  |    Runtime(cpu)(hh:mm)    |
+-----------------+-------------+-------------+-------------+-------------+-------------+-------------+
|      Stage      |  Reference  | Incremental |  Reference  | Incremental |  Reference  | Incremental |
+-----------------+-------------+-------------+-------------+-------------+-------------+-------------+
| synth_design    |             |             |       00:02 |       00:04 |             |             |
| opt_design      |             |             |     < 1 min |     < 1 min |     < 1 min |     < 1 min |
| read_checkpoint |             |             |             |     < 1 min |             |     < 1 min |
+-----------------+-------------+-------------+-------------+-------------+-------------+-------------+


4. Non Reuse Information
------------------------

+------------------------------------------------------+-------+
|                         Type                         |   %   |
+------------------------------------------------------+-------+
| Non-Reused Cells                                     | 36.69 |
|   New                                                | 23.19 |
|   Discarded illegal placement due to netlist changes | 11.91 |
|   Discarded to improve timing                        |  1.58 |
| Partially reused nets                                | 18.72 |
| Non-Reused nets                                      | 42.55 |
| Non-Reused Ports                                     |  0.00 |
+------------------------------------------------------+-------+


